(node:48992) [DEP0190] DeprecationWarning: Passing args to a child process with shell option true can lead to security vulnerabilities, as the arguments are not escaped, only concatenated.
(Use `node --trace-deprecation ...` to show where the warning was created)
pass 1: echo normal 6p — 42 phase changes, 24 cues, tv long frames 138 (worst 83 ms), 292 s → reports/design/record-review/echo/p01
  +0.0s playing/intro (timer 8 s)
  +8.1s playing/clue (timer 35 s)
  +12.3s playing/check (timer 12 s)
  +16.6s playing/guess (timer 25 s)
  +20.2s playing/result (timer 6 s)
  +26.7s playing/clue (timer 35 s)
  +31.0s playing/check (timer 12 s)
  +34.4s playing/guess (timer 25 s)
  +38.5s playing/result (timer 6 s)
  +45.0s playing/clue (timer 35 s)
  +49.5s playing/check (timer 12 s)
  +53.7s playing/guess (timer 25 s)
  +55.2s playing/result (timer 6 s)
  +61.1s playing/clue (timer 35 s)
  +65.3s playing/check (timer 12 s)
  +69.4s playing/guess (timer 25 s)
  +72.3s playing/result (timer 6 s)
  +78.8s playing/clue (timer 35 s)
  +83.0s playing/check (timer 12 s)
  +87.3s playing/guess (timer 25 s)
  +88.8s playing/result (timer 6 s)
  +95.4s playing/clue (timer 35 s)
  +99.7s playing/check (timer 12 s)
  +104.0s playing/guess (timer 25 s)
  +106.0s playing/result (timer 6 s)
  +112.4s playing/clue (timer 35 s)
  +116.5s playing/check (timer 12 s)
  +120.7s playing/guess (timer 25 s)
  +122.1s playing/result (timer 6 s)
  +128.6s playing/clue (timer 35 s)
  +132.4s playing/check (timer 12 s)
  +136.2s playing/guess (timer 25 s)
  +140.3s playing/result (timer 6 s)
  +146.7s playing/clue (timer 35 s)
  +150.9s playing/check (timer 12 s)
  +155.1s playing/guess (timer 25 s)
  +156.4s playing/result (timer 6 s)
  +162.3s playing/clue (timer 35 s)
  +166.6s playing/check (timer 12 s)
  +170.7s playing/guess (timer 25 s)
  +173.0s playing/result (timer 6 s)
  +179.4s results/results
