(node:38532) [DEP0190] DeprecationWarning: Passing args to a child process with shell option true can lead to security vulnerabilities, as the arguments are not escaped, only concatenated.
(Use `node --trace-deprecation ...` to show where the warning was created)
pass 2: echo normal 6p — 42 phase changes, 108 cues, tv long frames 341 (worst 367 ms), 264 s → reports/design/record-review/echo/p02
  +0.0s playing/intro (timer 8 s)
  +8.0s playing/clue (timer 35 s)
  +12.3s playing/check (timer 12 s)
  +16.4s playing/guess (timer 25 s)
  +19.0s playing/result (timer 6 s)
  +25.6s playing/clue (timer 35 s)
  +29.7s playing/check (timer 12 s)
  +34.1s playing/guess (timer 25 s)
  +37.7s playing/result (timer 6 s)
  +44.2s playing/clue (timer 35 s)
  +47.7s playing/check (timer 12 s)
  +52.2s playing/guess (timer 25 s)
  +56.4s playing/result (timer 6 s)
  +62.8s playing/clue (timer 35 s)
  +67.3s playing/check (timer 12 s)
  +71.5s playing/guess (timer 25 s)
  +75.0s playing/result (timer 6 s)
  +81.5s playing/clue (timer 35 s)
  +85.8s playing/check (timer 12 s)
  +90.1s playing/guess (timer 25 s)
  +93.4s playing/result (timer 6 s)
  +100.0s playing/clue (timer 35 s)
  +104.2s playing/check (timer 12 s)
  +108.4s playing/guess (timer 25 s)
  +112.6s playing/result (timer 6 s)
  +119.2s playing/clue (timer 35 s)
  +123.3s playing/check (timer 12 s)
  +127.4s playing/guess (timer 25 s)
  +131.9s playing/result (timer 6 s)
  +138.3s playing/clue (timer 35 s)
  +142.7s playing/check (timer 12 s)
  +147.4s playing/guess (timer 25 s)
  +152.0s playing/result (timer 6 s)
  +158.0s playing/clue (timer 35 s)
  +161.1s playing/check (timer 12 s)
  +164.6s playing/guess (timer 25 s)
  +168.7s playing/result (timer 6 s)
  +175.2s playing/clue (timer 35 s)
  +179.4s playing/check (timer 12 s)
  +183.7s playing/guess (timer 25 s)
  +187.1s playing/result (timer 6 s)
  +193.7s results/results
