(node:54352) [DEP0190] DeprecationWarning: Passing args to a child process with shell option true can lead to security vulnerabilities, as the arguments are not escaped, only concatenated.
(Use `node --trace-deprecation ...` to show where the warning was created)
pass 3: echo normal 6p — 42 phase changes, 139 cues, tv long frames 517 (worst 167 ms), 237 s → reports/design/record-review/echo/p03
  +0.0s playing/intro (timer 8 s)
  +8.1s playing/clue (timer 35 s)
  +11.1s playing/check (timer 12 s)
  +15.3s playing/guess (timer 3 s)
  +18.4s playing/result (timer 6 s)
  +24.8s playing/clue (timer 35 s)
  +29.0s playing/check (timer 12 s)
  +33.3s playing/guess (timer 25 s)
  +36.0s playing/result (timer 6 s)
  +42.5s playing/clue (timer 35 s)
  +46.7s playing/check (timer 12 s)
  +50.8s playing/guess (timer 25 s)
  +54.3s playing/result (timer 6 s)
  +60.8s playing/clue (timer 35 s)
  +65.1s playing/check (timer 12 s)
  +69.2s playing/guess (timer 25 s)
  +72.0s playing/result (timer 6 s)
  +78.4s playing/clue (timer 35 s)
  +82.8s playing/check (timer 12 s)
  +87.2s playing/guess (timer 25 s)
  +91.5s playing/result (timer 6 s)
  +98.1s playing/clue (timer 35 s)
  +102.4s playing/check (timer 12 s)
  +106.6s playing/guess (timer 25 s)
  +110.8s playing/result (timer 6 s)
  +117.3s playing/clue (timer 35 s)
  +121.8s playing/check (timer 12 s)
  +125.4s playing/guess (timer 25 s)
  +129.5s playing/result (timer 6 s)
  +136.0s playing/clue (timer 35 s)
  +140.4s playing/check (timer 12 s)
  +144.6s playing/guess (timer 25 s)
  +148.1s playing/result (timer 6 s)
  +154.6s playing/clue (timer 35 s)
  +158.7s playing/check (timer 12 s)
  +162.9s playing/guess (timer 25 s)
  +165.9s playing/result (timer 6 s)
  +172.4s playing/clue (timer 35 s)
  +176.7s playing/check (timer 12 s)
  +180.9s playing/guess (timer 25 s)
  +183.5s playing/result (timer 8 s)
  +191.9s results/results
