(node:63392) [DEP0190] DeprecationWarning: Passing args to a child process with shell option true can lead to security vulnerabilities, as the arguments are not escaped, only concatenated.
(Use `node --trace-deprecation ...` to show where the warning was created)
pass 9: echo normal 3p — 30 phase changes, 68 cues, tv long frames 284 (worst 117 ms), 169 s → reports/design/record-review/echo/p04-3p
  +0.0s playing/intro (timer 8 s)
  +8.1s playing/clue (timer 35 s)
  +12.6s playing/check (timer 12 s)
  +16.3s playing/guess (timer 25 s)
  +20.5s playing/result (timer 8 s)
  +28.8s playing/clue (timer 35 s)
  +33.0s playing/check (timer 12 s)
  +37.1s playing/guess (timer 25 s)
  +41.4s playing/result (timer 6 s)
  +47.9s playing/clue (timer 35 s)
  +52.0s playing/check (timer 12 s)
  +56.2s playing/guess (timer 25 s)
  +59.7s playing/result (timer 6 s)
  +66.2s playing/clue (timer 35 s)
  +69.1s playing/check (timer 12 s)
  +72.5s playing/guess (timer 25 s)
  +76.9s playing/result (timer 6 s)
  +83.4s playing/clue (timer 35 s)
  +87.6s playing/check (timer 12 s)
  +91.8s playing/guess (timer 25 s)
  +95.1s playing/result (timer 8 s)
  +103.5s playing/clue (timer 35 s)
  +107.6s playing/check (timer 12 s)
  +111.8s playing/guess (timer 25 s)
  +116.7s playing/result (timer 8 s)
  +125.0s playing/clue (timer 35 s)
  +126.5s playing/check (timer 12 s)
  +128.0s playing/guess (timer 24 s)
  +132.2s playing/result (timer 6 s)
  +138.6s results/results
