(node:61840) [DEP0190] DeprecationWarning: Passing args to a child process with shell option true can lead to security vulnerabilities, as the arguments are not escaped, only concatenated.
(Use `node --trace-deprecation ...` to show where the warning was created)
pass 9: echo normal 10p — 34 phase changes, 156 cues, tv long frames 479 (worst 450 ms), 259 s → reports/design/record-review/echo/p05-10p
  +0.0s playing/intro (timer 8 s)
  +8.2s playing/clue (timer 35 s)
  +12.4s playing/check (timer 12 s)
  +16.5s playing/guess (timer 25 s)
  +20.1s playing/result (timer 8 s)
  +28.4s playing/clue (timer 35 s)
  +32.6s playing/check (timer 12 s)
  +37.0s playing/guess (timer 25 s)
  +42.0s playing/result (timer 6 s)
  +48.5s playing/clue (timer 35 s)
  +52.7s playing/check (timer 12 s)
  +56.8s playing/guess (timer 25 s)
  +60.7s playing/result (timer 6 s)
  +67.2s playing/clue (timer 35 s)
  +71.3s playing/check (timer 12 s)
  +75.5s playing/guess (timer 25 s)
  +81.7s playing/result (timer 6 s)
  +88.3s playing/clue (timer 35 s)
  +92.6s playing/check (timer 12 s)
  +96.7s playing/guess (timer 25 s)
  +100.8s playing/result (timer 8 s)
  +109.1s playing/clue (timer 35 s)
  +113.7s playing/check (timer 12 s)
  +118.1s playing/guess (timer 25 s)
  +122.5s playing/result (timer 6 s)
  +129.0s playing/clue (timer 35 s)
  +133.2s playing/check (timer 12 s)
  +137.4s playing/guess (timer 25 s)
  +141.1s playing/result (timer 6 s)
  +147.5s playing/clue (timer 35 s)
  +151.8s playing/check (timer 12 s)
  +155.9s playing/guess (timer 25 s)
  +159.9s playing/result (timer 6 s)
  +166.4s results/results
