(node:60776) [DEP0190] DeprecationWarning: Passing args to a child process with shell option true can lead to security vulnerabilities, as the arguments are not escaped, only concatenated.
(Use `node --trace-deprecation ...` to show where the warning was created)
pass 9: echo reconnect 6p — 38 phase changes, 145 cues, tv long frames 547 (worst 883 ms), 436 s → reports/design/record-review/echo/p06-reconnect
  +0.0s playing/intro (timer 7 s)
  +7.6s playing/clue (timer 35 s)
  +11.6s playing/check (timer 12 s)
  +15.4s playing/guess (timer 25 s)
  +40.3s playing/result (timer 6 s)
  +46.6s playing/clue (timer 35 s)
  +51.1s playing/check (timer 12 s)
  +55.5s playing/guess (timer 25 s)
  +60.1s playing/result (timer 6 s)
  +66.4s playing/clue (timer 35 s)
  +70.6s playing/check (timer 12 s)
  +74.9s playing/guess (timer 25 s)
  +78.4s playing/result (timer 6 s)
  +84.6s playing/clue (timer 35 s)
  +89.1s playing/check (timer 12 s)
  +93.5s playing/guess (timer 25 s)
  +97.2s playing/result (timer 8 s)
  +105.4s playing/clue (timer 35 s)
  +109.7s playing/check (timer 12 s)
  +114.4s playing/guess (timer 25 s)
  +118.5s playing/result (timer 6 s)
  +125.0s playing/clue (timer 35 s)
  +129.7s playing/check (timer 12 s)
  +134.1s playing/guess (timer 25 s)
  +138.5s playing/result (timer 6 s)
  +145.3s playing/clue (timer 35 s)
  +149.0s playing/check (timer 11 s)
  +153.0s playing/guess (timer 25 s)
  +158.5s playing/result (timer 6 s)
  +164.3s playing/clue (timer 35 s)
  +168.5s playing/check (timer 12 s)
  +172.6s playing/guess (timer 25 s)
  +175.3s playing/result (timer 6 s)
  +181.8s playing/clue (timer 35 s)
  +186.1s playing/check (timer 12 s)
  +190.3s playing/guess (timer 25 s)
  +193.8s playing/result (timer 6 s)
  +200.3s results/results
  note: reconnect: Sam dropped for 8 s at 2026-09-24T21:35:55.042Z in guess
