(node:53764) [DEP0190] DeprecationWarning: Passing args to a child process with shell option true can lead to security vulnerabilities, as the arguments are not escaped, only concatenated.
(Use `node --trace-deprecation ...` to show where the warning was created)
pass 9: echo pause 6p — 42 phase changes, 153 cues, tv long frames 572 (worst 150 ms), 301 s → reports/design/record-review/echo/p07-pause
  +0.0s playing/intro (timer 8 s)
  +8.0s playing/clue (timer 35 s)
  +11.6s playing/check (timer 12 s)
  +14.1s playing/guess (timer 25 s)
  +25.9s playing/result (timer 6 s)
  +32.4s playing/clue (timer 35 s)
  +36.9s playing/check (timer 12 s)
  +41.2s playing/guess (timer 25 s)
  +45.1s playing/result (timer 6 s)
  +51.6s playing/clue (timer 35 s)
  +55.8s playing/check (timer 12 s)
  +59.9s playing/guess (timer 25 s)
  +63.8s playing/result (timer 6 s)
  +70.3s playing/clue (timer 35 s)
  +74.5s playing/check (timer 12 s)
  +78.6s playing/guess (timer 25 s)
  +81.3s playing/result (timer 6 s)
  +87.8s playing/clue (timer 35 s)
  +91.9s playing/check (timer 12 s)
  +96.1s playing/guess (timer 25 s)
  +101.4s playing/result (timer 6 s)
  +107.9s playing/clue (timer 35 s)
  +112.1s playing/check (timer 12 s)
  +116.3s playing/guess (timer 25 s)
  +121.0s playing/result (timer 6 s)
  +127.5s playing/clue (timer 35 s)
  +131.3s playing/check (timer 12 s)
  +135.1s playing/guess (timer 25 s)
  +139.4s playing/result (timer 6 s)
  +145.9s playing/clue (timer 35 s)
  +150.1s playing/check (timer 12 s)
  +154.2s playing/guess (timer 25 s)
  +157.8s playing/result (timer 6 s)
  +164.2s playing/clue (timer 35 s)
  +168.4s playing/check (timer 12 s)
  +172.7s playing/guess (timer 25 s)
  +177.8s playing/result (timer 6 s)
  +184.4s playing/clue (timer 35 s)
  +188.5s playing/check (timer 12 s)
  +192.7s playing/guess (timer 25 s)
  +196.7s playing/result (timer 6 s)
  +203.1s results/results
  note: pause: VIP paused 6 s at 2026-09-24T21:46:19.693Z in guess
