(node:29548) [DEP0190] DeprecationWarning: Passing args to a child process with shell option true can lead to security vulnerabilities, as the arguments are not escaped, only concatenated.
(Use `node --trace-deprecation ...` to show where the warning was created)
pass 9: echo tie 5p — 20 phase changes, 91 cues, tv long frames 466 (worst 117 ms), 449 s → reports/design/record-review/echo/p08-idle
  +0.1s playing/intro (timer 8 s)
  +8.0s playing/clue (timer 35 s)
  +43.0s playing/guess (timer 25 s)
  +68.0s playing/result (timer 6 s)
  +74.5s playing/clue (timer 35 s)
  +109.6s playing/guess (timer 25 s)
  +134.6s playing/result (timer 6 s)
  +141.1s playing/clue (timer 35 s)
  +176.1s playing/guess (timer 25 s)
  +201.0s playing/result (timer 6 s)
  +207.6s playing/clue (timer 35 s)
  +242.5s playing/guess (timer 25 s)
  +267.5s playing/result (timer 6 s)
  +274.0s playing/clue (timer 35 s)
  +309.1s playing/guess (timer 25 s)
  +334.1s playing/result (timer 6 s)
  +340.6s playing/clue (timer 35 s)
  +375.6s playing/guess (timer 25 s)
  +400.6s playing/result (timer 6 s)
  +407.2s results/results
