(node:46032) [DEP0190] DeprecationWarning: Passing args to a child process with shell option true can lead to security vulnerabilities, as the arguments are not escaped, only concatenated.
(Use `node --trace-deprecation ...` to show where the warning was created)
pass 9: echo spicy 5p — 29 phase changes, 86 cues, tv long frames 287 (worst 817 ms), 269 s → reports/design/record-review/echo/p09-spicy-nocheck
  +0.0s playing/intro (timer 8 s)
  +7.8s playing/clue (timer 35 s)
  +12.1s playing/guess (timer 25 s)
  +16.2s playing/result (timer 6 s)
  +22.6s playing/clue (timer 35 s)
  +26.8s playing/guess (timer 25 s)
  +29.9s playing/result (timer 6 s)
  +36.4s playing/clue (timer 35 s)
  +40.9s playing/guess (timer 25 s)
  +44.1s playing/result (timer 6 s)
  +50.5s playing/clue (timer 35 s)
  +54.6s playing/guess (timer 25 s)
  +58.6s playing/result (timer 6 s)
  +65.0s playing/clue (timer 35 s)
  +69.2s playing/guess (timer 25 s)
  +72.2s playing/result (timer 8 s)
  +80.5s playing/clue (timer 35 s)
  +84.3s playing/guess (timer 25 s)
  +88.5s playing/result (timer 6 s)
  +95.0s playing/clue (timer 35 s)
  +99.2s playing/guess (timer 25 s)
  +103.8s playing/result (timer 6 s)
  +109.7s playing/clue (timer 35 s)
  +113.9s playing/guess (timer 25 s)
  +117.8s playing/result (timer 6 s)
  +124.4s playing/clue (timer 35 s)
  +128.6s playing/guess (timer 25 s)
  +131.9s playing/result (timer 6 s)
  +138.3s results/results
