(node:45444) [DEP0190] DeprecationWarning: Passing args to a child process with shell option true can lead to security vulnerabilities, as the arguments are not escaped, only concatenated.
(Use `node --trace-deprecation ...` to show where the warning was created)
pass 10: echo normal 10p — 34 phase changes, 154 cues, tv long frames 384 (worst 200 ms), 311 s → reports/design/record-review/echo/p10-10p
  +0.0s playing/intro (timer 8 s)
  +8.0s playing/clue (timer 35 s)
  +12.3s playing/check (timer 12 s)
  +16.6s playing/guess (timer 25 s)
  +20.4s playing/result (timer 6 s)
  +27.0s playing/clue (timer 35 s)
  +31.3s playing/check (timer 12 s)
  +35.7s playing/guess (timer 25 s)
  +39.6s playing/result (timer 8 s)
  +47.9s playing/clue (timer 35 s)
  +52.2s playing/check (timer 12 s)
  +56.5s playing/guess (timer 25 s)
  +60.6s playing/result (timer 6 s)
  +67.1s playing/clue (timer 35 s)
  +71.3s playing/check (timer 12 s)
  +75.3s playing/guess (timer 25 s)
  +79.5s playing/result (timer 6 s)
  +86.0s playing/clue (timer 35 s)
  +90.5s playing/check (timer 12 s)
  +94.8s playing/guess (timer 25 s)
  +98.3s playing/result (timer 6 s)
  +104.9s playing/clue (timer 35 s)
  +110.1s playing/check (timer 12 s)
  +114.3s playing/guess (timer 25 s)
  +117.8s playing/result (timer 6 s)
  +124.3s playing/clue (timer 35 s)
  +128.6s playing/check (timer 12 s)
  +132.8s playing/guess (timer 25 s)
  +136.3s playing/result (timer 6 s)
  +142.7s playing/clue (timer 35 s)
  +147.0s playing/check (timer 12 s)
  +151.2s playing/guess (timer 25 s)
  +154.8s playing/result (timer 8 s)
  +163.1s results/results
