(node:18176) [DEP0190] DeprecationWarning: Passing args to a child process with shell option true can lead to security vulnerabilities, as the arguments are not escaped, only concatenated.
(Use `node --trace-deprecation ...` to show where the warning was created)
pass 12: echo tie 5p — 20 phase changes, 95 cues, tv long frames 571 (worst 183 ms), 472 s → reports/design/record-review/echo/p12-idle
  +0.0s playing/intro (timer 8 s)
  +8.0s playing/clue (timer 35 s)
  +43.0s playing/guess (timer 25 s)
  +68.0s playing/result (timer 4 s)
  +72.4s playing/clue (timer 35 s)
  +107.5s playing/guess (timer 25 s)
  +132.5s playing/result (timer 4 s)
  +137.0s playing/clue (timer 35 s)
  +172.0s playing/guess (timer 25 s)
  +197.1s playing/result (timer 4 s)
  +201.5s playing/clue (timer 35 s)
  +236.5s playing/guess (timer 25 s)
  +261.6s playing/result (timer 4 s)
  +266.0s playing/clue (timer 35 s)
  +301.1s playing/guess (timer 25 s)
  +326.1s playing/result (timer 4 s)
  +330.6s playing/clue (timer 35 s)
  +365.5s playing/guess (timer 25 s)
  +390.8s playing/result (timer 4 s)
  +395.1s results/results
