(node:52448) [DEP0190] DeprecationWarning: Passing args to a child process with shell option true can lead to security vulnerabilities, as the arguments are not escaped, only concatenated.
(Use `node --trace-deprecation ...` to show where the warning was created)
pass 12: echo normal 6p — 34 phase changes, 114 cues, tv long frames 355 (worst 250 ms), 184 s → reports/design/record-review/echo/p13-6p
  +0.0s playing/intro (timer 8 s)
  +8.1s playing/clue (timer 35 s)
  +10.7s playing/check (timer 12 s)
  +14.5s playing/guess (timer 25 s)
  +18.8s playing/result (timer 6 s)
  +25.2s playing/clue (timer 35 s)
  +29.4s playing/check (timer 12 s)
  +33.6s playing/guess (timer 25 s)
  +36.3s playing/result (timer 6 s)
  +42.8s playing/clue (timer 35 s)
  +47.0s playing/check (timer 12 s)
  +51.2s playing/guess (timer 25 s)
  +55.6s playing/result (timer 6 s)
  +62.0s playing/clue (timer 35 s)
  +66.2s playing/check (timer 12 s)
  +70.4s playing/guess (timer 25 s)
  +73.5s playing/result (timer 6 s)
  +80.0s playing/clue (timer 35 s)
  +84.1s playing/check (timer 12 s)
  +88.3s playing/guess (timer 25 s)
  +90.4s playing/result (timer 6 s)
  +96.9s playing/clue (timer 35 s)
  +101.1s playing/check (timer 12 s)
  +105.4s playing/guess (timer 25 s)
  +108.8s playing/result (timer 8 s)
  +117.0s playing/clue (timer 35 s)
  +121.0s playing/check (timer 12 s)
  +124.6s playing/guess (timer 25 s)
  +128.8s playing/result (timer 6 s)
  +135.2s playing/clue (timer 35 s)
  +139.5s playing/check (timer 12 s)
  +143.7s playing/guess (timer 25 s)
  +147.2s playing/result (timer 8 s)
  +155.5s results/results
