(node:20052) [DEP0190] DeprecationWarning: Passing args to a child process with shell option true can lead to security vulnerabilities, as the arguments are not escaped, only concatenated.
(Use `node --trace-deprecation ...` to show where the warning was created)
pass 15: echo normal 6p — 34 phase changes, 117 cues, tv long frames 403 (worst 133 ms), 186 s → reports/design/record-review/echo/p15-6p
  +0.1s playing/intro (timer 8 s)
  +7.9s playing/clue (timer 35 s)
  +12.2s playing/check (timer 12 s)
  +16.5s playing/guess (timer 25 s)
  +20.5s playing/result (timer 6 s)
  +27.0s playing/clue (timer 35 s)
  +31.3s playing/check (timer 12 s)
  +35.5s playing/guess (timer 25 s)
  +39.0s playing/result (timer 8 s)
  +47.2s playing/clue (timer 35 s)
  +51.6s playing/check (timer 12 s)
  +55.9s playing/guess (timer 25 s)
  +60.2s playing/result (timer 6 s)
  +66.6s playing/clue (timer 35 s)
  +70.8s playing/check (timer 12 s)
  +75.1s playing/guess (timer 25 s)
  +78.2s playing/result (timer 6 s)
  +84.7s playing/clue (timer 35 s)
  +88.9s playing/check (timer 12 s)
  +93.0s playing/guess (timer 25 s)
  +97.6s playing/result (timer 6 s)
  +104.0s playing/clue (timer 35 s)
  +108.2s playing/check (timer 12 s)
  +112.3s playing/guess (timer 25 s)
  +115.2s playing/result (timer 6 s)
  +121.8s playing/clue (timer 35 s)
  +126.0s playing/check (timer 12 s)
  +130.1s playing/guess (timer 25 s)
  +134.3s playing/result (timer 6 s)
  +140.7s playing/clue (timer 35 s)
  +145.2s playing/check (timer 12 s)
  +149.3s playing/guess (timer 25 s)
  +153.6s playing/result (timer 8 s)
  +162.0s results/results
