(node:9176) [DEP0190] DeprecationWarning: Passing args to a child process with shell option true can lead to security vulnerabilities, as the arguments are not escaped, only concatenated.
(Use `node --trace-deprecation ...` to show where the warning was created)
pass 15: echo tie 5p — 20 phase changes, 93 cues, tv long frames 637 (worst 100 ms), 412 s → reports/design/record-review/echo/p16-idle
  +0.0s playing/intro (timer 8 s)
  +7.9s playing/clue (timer 35 s)
  +42.9s playing/guess (timer 25 s)
  +67.9s playing/result (timer 4 s)
  +72.5s playing/clue (timer 35 s)
  +107.5s playing/guess (timer 25 s)
  +132.4s playing/result (timer 4 s)
  +136.9s playing/clue (timer 35 s)
  +172.0s playing/guess (timer 25 s)
  +197.0s playing/result (timer 4 s)
  +201.5s playing/clue (timer 35 s)
  +236.5s playing/guess (timer 25 s)
  +261.5s playing/result (timer 4 s)
  +266.0s playing/clue (timer 35 s)
  +301.0s playing/guess (timer 25 s)
  +326.0s playing/result (timer 4 s)
  +330.5s playing/clue (timer 35 s)
  +365.5s playing/guess (timer 25 s)
  +390.5s playing/result (timer 4 s)
  +395.0s results/results
