(node:68532) [DEP0190] DeprecationWarning: Passing args to a child process with shell option true can lead to security vulnerabilities, as the arguments are not escaped, only concatenated.
(Use `node --trace-deprecation ...` to show where the warning was created)
pass 17: echo normal 6p — 33 phase changes, 127 cues, tv long frames 449 (worst 150 ms), 259 s → reports/design/record-review/echo/p17-6p
  +0.0s playing/intro (timer 1 s)
  +2.4s playing/clue (timer 34 s)
  +6.6s playing/check (timer 12 s)
  +27.3s playing/result (timer 3 s)
  +30.2s playing/clue (timer 35 s)
  +34.6s playing/check (timer 12 s)
  +38.8s playing/guess (timer 25 s)
  +43.0s playing/result (timer 8 s)
  +51.3s playing/clue (timer 35 s)
  +55.6s playing/check (timer 12 s)
  +59.8s playing/guess (timer 25 s)
  +64.2s playing/result (timer 6 s)
  +70.7s playing/clue (timer 35 s)
  +74.9s playing/check (timer 12 s)
  +79.2s playing/guess (timer 25 s)
  +83.2s playing/result (timer 8 s)
  +91.6s playing/clue (timer 35 s)
  +94.6s playing/check (timer 11 s)
  +98.2s playing/guess (timer 25 s)
  +102.4s playing/result (timer 6 s)
  +108.9s playing/clue (timer 35 s)
  +113.2s playing/check (timer 12 s)
  +117.7s playing/guess (timer 25 s)
  +121.1s playing/result (timer 6 s)
  +127.7s playing/clue (timer 35 s)
  +131.8s playing/check (timer 12 s)
  +136.3s playing/guess (timer 25 s)
  +140.7s playing/result (timer 6 s)
  +147.2s playing/clue (timer 35 s)
  +151.4s playing/check (timer 12 s)
  +155.7s playing/guess (timer 25 s)
  +160.1s playing/result (timer 6 s)
  +166.6s results/results
