(node:42716) [DEP0190] DeprecationWarning: Passing args to a child process with shell option true can lead to security vulnerabilities, as the arguments are not escaped, only concatenated.
(Use `node --trace-deprecation ...` to show where the warning was created)
pass 1: blind-auction normal 5p — 22 phase changes, 38 cues, tv long frames 161 (worst 2617 ms), 147 s → reports/design/record-review/blind-auction/p01
  +0.0s playing/intro (timer 8 s)
  +8.1s playing/lot (timer 6 s)
  +14.3s playing/bid (timer 20 s)
  +18.5s playing/sold (timer 3 s)
  +23.9s playing/flip (timer 1 s)
  +30.3s playing/lot (timer 6 s)
  +36.6s playing/bid (timer 20 s)
  +40.8s playing/sold (timer 4 s)
  +47.4s playing/flip (timer 1 s)
  +53.8s playing/lot (timer 6 s)
  +63.2s playing/bid (timer 20 s)
  +67.6s playing/sold (timer 3 s)
  +73.1s playing/flip (timer 1 s)
  +79.4s playing/lot (timer 6 s)
  +88.2s playing/bid (timer 20 s)
  +92.4s playing/sold (timer 3 s)
  +97.9s playing/flip (timer 1 s)
  +104.2s playing/lot (timer 6 s)
  +112.6s playing/bid (timer 20 s)
  +116.8s playing/sold (timer 3 s)
  +122.2s playing/flip (timer 1 s)
  +128.5s results/results
