(node:18984) [DEP0190] DeprecationWarning: Passing args to a child process with shell option true can lead to security vulnerabilities, as the arguments are not escaped, only concatenated.
(Use `node --trace-deprecation ...` to show where the warning was created)
pass 2: blind-auction normal 5p — 22 phase changes, 46 cues, tv long frames 270 (worst 83 ms), 157 s → reports/design/record-review/blind-auction/p02
  +0.0s playing/intro (timer 8 s)
  +8.0s playing/lot (timer 7 s)
  +15.3s playing/bid (timer 20 s)
  +19.5s playing/sold (timer 4 s)
  +26.3s playing/flip (timer 1 s)
  +32.6s playing/lot (timer 7 s)
  +39.6s playing/bid (timer 20 s)
  +44.0s playing/sold (timer 3 s)
  +49.6s playing/flip (timer 1 s)
  +55.9s playing/lot (timer 7 s)
  +62.8s playing/bid (timer 20 s)
  +67.0s playing/sold (timer 4 s)
  +73.8s playing/flip (timer 1 s)
  +80.1s playing/lot (timer 6 s)
  +86.1s playing/bid (timer 20 s)
  +90.3s playing/sold (timer 4 s)
  +96.9s playing/flip (timer 1 s)
  +103.3s playing/lot (timer 8 s)
  +110.8s playing/bid (timer 20 s)
  +115.0s playing/sold (timer 3 s)
  +121.1s playing/flip (timer 1 s)
  +127.4s results/results
