(node:58580) [DEP0190] DeprecationWarning: Passing args to a child process with shell option true can lead to security vulnerabilities, as the arguments are not escaped, only concatenated.
(Use `node --trace-deprecation ...` to show where the warning was created)
pass 3: blind-auction normal 6p — 22 phase changes, 88 cues, tv long frames 398 (worst 2233 ms), 298 s → reports/design/record-review/blind-auction/p03
  +0.0s playing/intro (timer 8 s)
  +8.0s playing/lot (timer 6 s)
  +14.3s playing/live (timer 8 s)
  +31.0s playing/sold (timer 1 s)
  +34.7s playing/flip (timer 1 s)
  +40.9s playing/lot (timer 8 s)
  +48.6s playing/live (timer 8 s)
  +65.2s playing/sold (timer 1 s)
  +68.8s playing/flip (timer 1 s)
  +74.9s playing/lot (timer 7 s)
  +81.9s playing/live (timer 8 s)
  +98.2s playing/sold (timer 1 s)
  +101.7s playing/flip (timer 1 s)
  +108.0s playing/lot (timer 6 s)
  +114.4s playing/live (timer 8 s)
  +122.3s playing/sold (timer 1 s)
  +125.9s playing/flip (timer 1 s)
  +132.0s playing/lot (timer 7 s)
  +139.4s playing/live (timer 8 s)
  +156.4s playing/sold (timer 1 s)
  +160.0s playing/flip (timer 1 s)
  +166.3s results/results
