(node:50688) [DEP0190] DeprecationWarning: Passing args to a child process with shell option true can lead to security vulnerabilities, as the arguments are not escaped, only concatenated.
(Use `node --trace-deprecation ...` to show where the warning was created)
pass 10: blind-auction normal 6p — 26 phase changes, 55 cues, tv long frames 315 (worst 117 ms), 226 s → reports/design/record-review/blind-auction/p10
  +0.0s playing/intro (timer 8 s)
  +8.1s playing/lot (timer 7 s)
  +14.9s playing/bid (timer 20 s)
  +19.1s playing/sold (timer 1 s)
  +22.5s playing/flip (timer 1 s)
  +28.9s playing/lot (timer 5 s)
  +34.4s playing/bid (timer 20 s)
  +38.6s playing/sold (timer 4 s)
  +45.7s playing/flip (timer 1 s)
  +52.1s playing/lot (timer 6 s)
  +61.1s playing/bid (timer 20 s)
  +65.4s playing/sold (timer 4 s)
  +72.4s playing/flip (timer 1 s)
  +78.7s playing/lot (timer 6 s)
  +84.8s playing/bid (timer 20 s)
  +89.3s playing/sold (timer 4 s)
  +96.3s playing/flip (timer 1 s)
  +102.6s playing/lot (timer 6 s)
  +108.6s playing/bid (timer 20 s)
  +112.8s playing/sold (timer 3 s)
  +118.6s playing/flip (timer 1 s)
  +125.0s playing/lot (timer 6 s)
  +131.1s playing/bid (timer 20 s)
  +135.3s playing/sold (timer 4 s)
  +141.9s playing/flip (timer 1 s)
  +148.3s results/results
