(node:5652) [DEP0190] DeprecationWarning: Passing args to a child process with shell option true can lead to security vulnerabilities, as the arguments are not escaped, only concatenated.
(Use `node --trace-deprecation ...` to show where the warning was created)
pass 11: blind-auction normal 4p — 22 phase changes, 52 cues, tv long frames 332 (worst 1867 ms), 146 s → reports/design/record-review/blind-auction/p11-phoneonly
  +0.0s playing/intro (timer 8 s)
  +8.0s playing/lot (timer 6 s)
  +14.0s playing/bid (timer 20 s)
  +18.3s playing/sold (timer 4 s)
  +24.5s playing/flip (timer 1 s)
  +30.9s playing/lot (timer 6 s)
  +37.2s playing/bid (timer 20 s)
  +41.4s playing/sold (timer 4 s)
  +47.7s playing/flip (timer 1 s)
  +54.0s playing/lot (timer 7 s)
  +61.1s playing/bid (timer 20 s)
  +65.3s playing/sold (timer 4 s)
  +71.8s playing/flip (timer 1 s)
  +78.1s playing/lot (timer 6 s)
  +86.0s playing/bid (timer 20 s)
  +90.3s playing/sold (timer 3 s)
  +96.2s playing/flip (timer 1 s)
  +102.5s playing/lot (timer 7 s)
  +109.5s playing/bid (timer 20 s)
  +113.7s playing/sold (timer 2 s)
  +118.4s playing/flip (timer 1 s)
  +124.6s results/results
