(node:25216) [DEP0190] DeprecationWarning: Passing args to a child process with shell option true can lead to security vulnerabilities, as the arguments are not escaped, only concatenated.
(Use `node --trace-deprecation ...` to show where the warning was created)
pass 14: blind-auction normal 16p — 22 phase changes, 83 cues, tv long frames 326 (worst 750 ms), 201 s → reports/design/record-review/blind-auction/p14-16p
  +0.0s playing/intro (timer 8 s)
  +8.1s playing/lot (timer 6 s)
  +14.1s playing/live (timer 8 s)
  +22.0s playing/sold (timer 1 s)
  +25.4s playing/flip (timer 1 s)
  +31.7s playing/lot (timer 7 s)
  +38.6s playing/live (timer 8 s)
  +47.7s playing/sold (timer 1 s)
  +51.2s playing/flip (timer 1 s)
  +57.4s playing/lot (timer 6 s)
  +63.8s playing/live (timer 8 s)
  +73.9s playing/sold (timer 1 s)
  +77.3s playing/flip (timer 1 s)
  +83.4s playing/lot (timer 7 s)
  +90.5s playing/live (timer 8 s)
  +100.2s playing/sold (timer 1 s)
  +103.8s playing/flip (timer 1 s)
  +110.1s playing/lot (timer 7 s)
  +117.5s playing/live (timer 8 s)
  +129.2s playing/sold (timer 1 s)
  +132.8s playing/flip (timer 1 s)
  +138.9s results/results
