(node:61852) [DEP0190] DeprecationWarning: Passing args to a child process with shell option true can lead to security vulnerabilities, as the arguments are not escaped, only concatenated.
(Use `node --trace-deprecation ...` to show where the warning was created)
pass 16: blind-auction normal 5p — 22 phase changes, 44 cues, tv long frames 311 (worst 1667 ms), 178 s → reports/design/record-review/blind-auction/p16-music
  +0.0s playing/intro (timer 8 s)
  +7.9s playing/lot (timer 6 s)
  +13.9s playing/bid (timer 20 s)
  +18.5s playing/sold (timer 3 s)
  +24.0s playing/flip (timer 1 s)
  +30.3s playing/lot (timer 6 s)
  +36.3s playing/bid (timer 20 s)
  +40.6s playing/sold (timer 3 s)
  +46.3s playing/flip (timer 1 s)
  +52.7s playing/lot (timer 6 s)
  +58.6s playing/bid (timer 20 s)
  +63.0s playing/sold (timer 3 s)
  +68.7s playing/flip (timer 1 s)
  +74.9s playing/lot (timer 6 s)
  +80.8s playing/bid (timer 20 s)
  +85.1s playing/sold (timer 4 s)
  +91.7s playing/flip (timer 1 s)
  +98.1s playing/lot (timer 7 s)
  +105.5s playing/bid (timer 20 s)
  +109.7s playing/sold (timer 3 s)
  +115.2s playing/flip (timer 1 s)
  +121.5s results/results
